EN mux_5 NULL F:/Mazen-Darwish-20100432-2023/MIPS_SOURCES/Mux_5BIT/MUX_5.vhd sub00/vhpl08 1685554331
EN control_20100432 NULL D:/Users/free/OneDrive/Desktop/Mazen-Darwish-20100432-2023/MIPS_SOURCES/ControlUnit1/ALU_Control/Control.vhd sub00/vhpl48 1685559683
AR mux2_1 behavioral F:/Mazen-Darwish-20100432-2023/MIPS_SOURCES/Mux_32BIT/Mux2_1.vhd sub00/vhpl15 1685553922
EN adder4bit_20100432 NULL D:/Users/free/OneDrive/Desktop/Mazen-Darwish-20100432-2023/MIPS_SOURCES/Adder2/Adder4Bit.vhd sub00/vhpl30 1685559665
AR register_20100432 behavioral D:/Users/free/OneDrive/Desktop/Mazen-Darwish-20100432-2023/MIPS_SOURCES/Register/Reg/Register.vhd sub00/vhpl41 1685559676
AR adder4bit_20100432 behavioral D:/Users/free/OneDrive/Desktop/Mazen-Darwish-20100432-2023/MIPS_SOURCES/Adder2/Adder4Bit.vhd sub00/vhpl31 1685559666
EN memory_unit_20100432 NULL D:/Users/free/OneDrive/Desktop/Mazen-Darwish-20100432-2023/MIPS_SOURCES/memUnit/MemoryUnit.vhd sub00/vhpl46 1685559681
AR adder4bit behavioral F:/Mazen-Darwish-20100432-2023/MIPS_SOURCES/Adder2/Adder4Bit.vhd sub00/vhpl03 1685553579
EN mux2_1_20100432 NULL D:/Users/free/OneDrive/Desktop/Mazen-Darwish-20100432-2023/MIPS_SOURCES/Mux_32BIT/Mux2_1.vhd sub00/vhpl32 1685559667
EN alu4bit_20100432 NULL F:/Mazen-Darwish-20100432-2023/MIPS_SOURCES/Mahmoud_Mostafa_ALU_SignExtend/alu/ALU4Bit.vhd sub00/vhpl44 1685556918
AR memory_unit_20100432 behavioral D:/Users/free/OneDrive/Desktop/Mazen-Darwish-20100432-2023/MIPS_SOURCES/memUnit/MemoryUnit.vhd sub00/vhpl47 1685559682
EN alu_control NULL F:/Mazen-Darwish-20100432-2023/MIPS_SOURCES/Alu_control/ALU_Control.vhd sub00/vhpl12 1685554752
EN signext_20100432 NULL D:/Users/free/OneDrive/Desktop/Mazen-Darwish-20100432-2023/MIPS_SOURCES/ALU_SignExtend/SignExtend/SignExtend32Bit.vhd sub00/vhpl36 1685559671
EN alu4bit NULL F:/Mazen-Darwish-20100432-2023/MIPS_SOURCES/Mahmoud_Mostafa_ALU_SignExtend/alu/ALU4Bit.vhd sub00/vhpl16 1685554823
EN adder32bit NULL "D:/Documents/Year 3/Term 6/Xilinx Programs/Mips/MahmoudMostafa_19102461_2021/MIPS_SOURCES/Adder/Adder32Bit.vhd" sub00/vhpl00 1653942860
AR mux2_1_20100432 behavioral D:/Users/free/OneDrive/Desktop/Mazen-Darwish-20100432-2023/MIPS_SOURCES/Mux_32BIT/Mux2_1.vhd sub00/vhpl33 1685559668
AR signextend32bit behavioral F:/Mazen-Darwish-20100432-2023/MIPS_SOURCES/Mahmoud_Mostafa_ALU_SignExtend/SignExtend/SignExtend32Bit.vhd sub00/vhpl07 1685554254
AR instmem behavioral F:/Mazen-Darwish-20100432-2023/MIPS_SOURCES/InstructionMemory/InstMem.vhd sub00/vhpl05 1685554124
AR memoryunit behavioral F:/Mazen-Darwish-20100432-2023/MIPS_SOURCES/MahmoudMostafa_memUnit/MemoryUnit.vhd sub00/vhpl19 1685554826
AR alu4bit behavioral F:/Mazen-Darwish-20100432-2023/MIPS_SOURCES/Mahmoud_Mostafa_ALU_SignExtend/alu/ALU4Bit.vhd sub00/vhpl17 1685554824
EN shiftleft NULL F:/Mazen-Darwish-20100432-2023/MIPS_SOURCES/ShiftLeft2Bit/ShiftLeft.vhd sub00/vhpl22 1685555128
EN memoryunit NULL F:/Mazen-Darwish-20100432-2023/MIPS_SOURCES/MahmoudMostafa_memUnit/MemoryUnit.vhd sub00/vhpl18 1685554825
AR alu_control behavioral F:/Mazen-Darwish-20100432-2023/MIPS_SOURCES/Alu_control/ALU_Control.vhd sub00/vhpl13 1685554753
EN project_mips NULL F:/Mazen-Darwish-20100432-2023/mIPS/MIPS_SINGLECYCLE/PROJECT_MIPS.vhd sub00/vhpl26 1685557256
AR mips_mazen_20100432 behavioral D:/Users/free/OneDrive/Desktop/Mazen-Darwish-20100432-2023/mIPS/MIPS_SINGLECYCLE/PROJECT_MIPS.vhd sub00/vhpl57 1685559690
AR alu4bit_m behavioral D:/Users/free/OneDrive/Desktop/Mazen-Darwish-20100432-2023/MIPS_SOURCES/ALU_SignExtend/alu/ALU4Bit.vhd sub00/vhpl55 1685559680
AR alu4bit_20100432 behavioral F:/Mazen-Darwish-20100432-2023/MIPS_SOURCES/Mahmoud_Mostafa_ALU_SignExtend/alu/ALU4Bit.vhd sub00/vhpl45 1685556919
EN shiftleft_20100432 NULL D:/Users/free/OneDrive/Desktop/Mazen-Darwish-20100432-2023/MIPS_SOURCES/ShiftLeft2Bit/ShiftLeft.vhd sub00/vhpl50 1685559685
AR shiftleft behavioral F:/Mazen-Darwish-20100432-2023/MIPS_SOURCES/ShiftLeft2Bit/ShiftLeft.vhd sub00/vhpl23 1685555129
AR pc_20100432 behavioral D:/Users/free/OneDrive/Desktop/Mazen-Darwish-20100432-2023/MIPS_SOURCES/PC/PCCounter.vhd sub00/vhpl53 1685559688
EN alu_control_20100432 NULL D:/Users/free/OneDrive/Desktop/Mazen-Darwish-20100432-2023/MIPS_SOURCES/Alu_control/ALU_Control.vhd sub00/vhpl42 1685559677
EN instmem NULL F:/Mazen-Darwish-20100432-2023/MIPS_SOURCES/InstructionMemory/InstMem.vhd sub00/vhpl04 1685554123
EN signextend32bit NULL F:/Mazen-Darwish-20100432-2023/MIPS_SOURCES/Mahmoud_Mostafa_ALU_SignExtend/SignExtend/SignExtend32Bit.vhd sub00/vhpl06 1685554253
EN alu4bit_m NULL D:/Users/free/OneDrive/Desktop/Mazen-Darwish-20100432-2023/MIPS_SOURCES/ALU_SignExtend/alu/ALU4Bit.vhd sub00/vhpl54 1685559679
AR signext_20100432 behavioral D:/Users/free/OneDrive/Desktop/Mazen-Darwish-20100432-2023/MIPS_SOURCES/ALU_SignExtend/SignExtend/SignExtend32Bit.vhd sub00/vhpl37 1685559672
EN adder32bit_20100432 NULL D:/Users/free/OneDrive/Desktop/Mazen-Darwish-20100432-2023/MIPS_SOURCES/Adder/Adder32Bit.vhd sub00/vhpl28 1685559663
AR adder32bit_20100432 behavioral D:/Users/free/OneDrive/Desktop/Mazen-Darwish-20100432-2023/MIPS_SOURCES/Adder/Adder32Bit.vhd sub00/vhpl29 1685559664
EN mips_mazen_20100432 NULL D:/Users/free/OneDrive/Desktop/Mazen-Darwish-20100432-2023/mIPS/MIPS_SINGLECYCLE/PROJECT_MIPS.vhd sub00/vhpl56 1685559689
AR alu_control_20100432 behavioral D:/Users/free/OneDrive/Desktop/Mazen-Darwish-20100432-2023/MIPS_SOURCES/Alu_control/ALU_Control.vhd sub00/vhpl43 1685559678
EN mux2_1 NULL F:/Mazen-Darwish-20100432-2023/MIPS_SOURCES/Mux_32BIT/Mux2_1.vhd sub00/vhpl14 1685553921
EN instructionmemory_20100432 NULL D:/Users/free/OneDrive/Desktop/Mazen-Darwish-20100432-2023/MIPS_SOURCES/InstructionMemory/InstMem.vhd sub00/vhpl34 1685559669
EN control NULL F:/Mazen-Darwish-20100432-2023/MIPS_SOURCES/Mahmoud_Mastafa_ControlUnit/ALU_Control/Control.vhd sub00/vhpl20 1685554951
EN mux5_20100432 NULL D:/Users/free/OneDrive/Desktop/Mazen-Darwish-20100432-2023/MIPS_SOURCES/Mux_5BIT/MUX_5.vhd sub00/vhpl38 1685559673
AR adder32bit behavioral "D:/Documents/Year 3/Term 6/Xilinx Programs/Mips/MahmoudMostafa_19102461_2021/MIPS_SOURCES/Adder/Adder32Bit.vhd" sub00/vhpl01 1653942861
AR registerfile behavioral F:/Mazen-Darwish-20100432-2023/MIPS_SOURCES/MahmoudMostafa_Register/Reg/Register.vhd sub00/vhpl11 1685554508
AR project_mips behavioral F:/Mazen-Darwish-20100432-2023/mIPS/MIPS_SINGLECYCLE/PROJECT_MIPS.vhd sub00/vhpl27 1685557257
EN adder4bit NULL F:/Mazen-Darwish-20100432-2023/MIPS_SOURCES/Adder2/Adder4Bit.vhd sub00/vhpl02 1685553578
AR mux_5 behavioral F:/Mazen-Darwish-20100432-2023/MIPS_SOURCES/Mux_5BIT/MUX_5.vhd sub00/vhpl09 1685554332
AR pccounter behavioral F:/Mazen-Darwish-20100432-2023/MIPS_SOURCES/PC/PCCounter.vhd sub00/vhpl25 1685555131
AR control behavioral F:/Mazen-Darwish-20100432-2023/MIPS_SOURCES/Mahmoud_Mastafa_ControlUnit/ALU_Control/Control.vhd sub00/vhpl21 1685554952
AR mux5_20100432 behavioral D:/Users/free/OneDrive/Desktop/Mazen-Darwish-20100432-2023/MIPS_SOURCES/Mux_5BIT/MUX_5.vhd sub00/vhpl39 1685559674
EN register_20100432 NULL D:/Users/free/OneDrive/Desktop/Mazen-Darwish-20100432-2023/MIPS_SOURCES/Register/Reg/Register.vhd sub00/vhpl40 1685559675
AR shiftleft_20100432 behavioral D:/Users/free/OneDrive/Desktop/Mazen-Darwish-20100432-2023/MIPS_SOURCES/ShiftLeft2Bit/ShiftLeft.vhd sub00/vhpl51 1685559686
AR control_20100432 behavioral D:/Users/free/OneDrive/Desktop/Mazen-Darwish-20100432-2023/MIPS_SOURCES/ControlUnit1/ALU_Control/Control.vhd sub00/vhpl49 1685559684
AR instructionmemory_20100432 behavioral D:/Users/free/OneDrive/Desktop/Mazen-Darwish-20100432-2023/MIPS_SOURCES/InstructionMemory/InstMem.vhd sub00/vhpl35 1685559670
EN pc_20100432 NULL D:/Users/free/OneDrive/Desktop/Mazen-Darwish-20100432-2023/MIPS_SOURCES/PC/PCCounter.vhd sub00/vhpl52 1685559687
EN pccounter NULL F:/Mazen-Darwish-20100432-2023/MIPS_SOURCES/PC/PCCounter.vhd sub00/vhpl24 1685555130
EN registerfile NULL F:/Mazen-Darwish-20100432-2023/MIPS_SOURCES/MahmoudMostafa_Register/Reg/Register.vhd sub00/vhpl10 1685554507
