V3 102
FL C:/Users/Administrator/Desktop/MahmoudMostafa_19102461_2021/MIPS_SOURCES/Alu_control/ALU_Control.vhd 2022/03/25.08:31:44 P.20131013
FL "D:/Documents/Year 3/Term 6/Xilinx Programs/Mips/MahmoudMostafa_19102461_2021/mIPS/MIPS_SINGLECYCLE/PROJECT_MIPS.vhd" 2022/05/30.22:28:12 P.20131013
FL "D:/Documents/Year 3/Term 6/Xilinx Programs/Mips/MahmoudMostafa_19102461_2021/MIPS_SOURCES/Adder/Adder32Bit.vhd" 2022/05/30.22:02:41 P.20131013
EN work/Adder32Bit 1653942860 \
      FL "D:/Documents/Year 3/Term 6/Xilinx Programs/Mips/MahmoudMostafa_19102461_2021/MIPS_SOURCES/Adder/Adder32Bit.vhd" \
      PB ieee/std_logic_1164 1381692176 PB ieee/std_logic_arith 1381692177 \
      PB ieee/STD_LOGIC_UNSIGNED 1381692179
AR work/Adder32Bit/Behavioral 1653942861 \
      FL "D:/Documents/Year 3/Term 6/Xilinx Programs/Mips/MahmoudMostafa_19102461_2021/MIPS_SOURCES/Adder/Adder32Bit.vhd" \
      EN work/Adder32Bit 1653942860
FL "D:/Documents/Year 3/Term 6/Xilinx Programs/Mips/MahmoudMostafa_19102461_2021/MIPS_SOURCES/Adder2/Adder4Bit.vhd" 2022/05/30.22:04:17 P.20131013
FL "D:/Documents/Year 3/Term 6/Xilinx Programs/Mips/MahmoudMostafa_19102461_2021/MIPS_SOURCES/Alu_control/ALU_Control.vhd" 2022/03/25.08:31:43 P.20131013
FL "D:/Documents/Year 3/Term 6/Xilinx Programs/Mips/MahmoudMostafa_19102461_2021/MIPS_SOURCES/InstructionMemory/InstMem.vhd" 2022/05/30.21:40:21 P.20131013
FL "D:/Documents/Year 3/Term 6/Xilinx Programs/Mips/MahmoudMostafa_19102461_2021/MIPS_SOURCES/MahmoudMostafa_memUnit/MemoryUnit.vhd" 2022/05/26.03:04:47 P.20131013
FL "D:/Documents/Year 3/Term 6/Xilinx Programs/Mips/MahmoudMostafa_19102461_2021/MIPS_SOURCES/MahmoudMostafa_Register/Reg/Register.vhd" 2022/05/30.21:42:58 P.20131013
FL "D:/Documents/Year 3/Term 6/Xilinx Programs/Mips/MahmoudMostafa_19102461_2021/MIPS_SOURCES/Mahmoud_Mastafa_ControlUnit/ALU_Control/Control.vhd" 2022/05/30.21:59:10 P.20131013
FL "D:/Documents/Year 3/Term 6/Xilinx Programs/Mips/MahmoudMostafa_19102461_2021/MIPS_SOURCES/Mahmoud_Mostafa_ALU_SignExtend/alu/ALU4Bit.vhd" 2022/05/30.21:49:58 P.20131013
FL "D:/Documents/Year 3/Term 6/Xilinx Programs/Mips/MahmoudMostafa_19102461_2021/MIPS_SOURCES/Mahmoud_Mostafa_ALU_SignExtend/SignExtend/SignExtend32Bit.vhd" 2022/05/30.22:11:41 P.20131013
FL "D:/Documents/Year 3/Term 6/Xilinx Programs/Mips/MahmoudMostafa_19102461_2021/MIPS_SOURCES/Mux_32BIT/Mux2_1.vhd" 2022/05/30.22:06:56 P.20131013
FL "D:/Documents/Year 3/Term 6/Xilinx Programs/Mips/MahmoudMostafa_19102461_2021/MIPS_SOURCES/Mux_5BIT/MUX_5.vhd" 2022/05/18.18:09:04 P.20131013
FL "D:/Documents/Year 3/Term 6/Xilinx Programs/Mips/MahmoudMostafa_19102461_2021/MIPS_SOURCES/PC/PCCounter.vhd" 2022/05/26.02:56:13 P.20131013
FL "D:/Documents/Year 3/Term 6/Xilinx Programs/Mips/MahmoudMostafa_19102461_2021/MIPS_SOURCES/ShiftLeft2Bit/ShiftLeft.vhd" 2022/04/04.11:07:07 P.20131013
FL "D:/Documents/Year 3/Term 6/Xilinx Programs/Mips/mIPS/MIPS_SINGLECYCLE/PROJECT_MIPS.vhd" 2022/05/26.08:09:18 P.20131013
FL "D:/Documents/Year 3/Term 6/Xilinx Programs/Mips/MIPS_SOURCES/Adder/Adder32Bit.vhd" 2022/05/25.21:31:03 P.20131013
FL "D:/Documents/Year 3/Term 6/Xilinx Programs/Mips/MIPS_SOURCES/Adder2/Adder4Bit.vhd" 2022/05/06.16:11:45 P.20131013
FL "D:/Documents/Year 3/Term 6/Xilinx Programs/Mips/MIPS_SOURCES/Alu_control/ALU_Control.vhd" 2022/03/25.08:31:43 P.20131013
FL "D:/Documents/Year 3/Term 6/Xilinx Programs/Mips/MIPS_SOURCES/InstructionMemory/InstMem.vhd" 2022/05/26.03:54:38 P.20131013
FL "D:/Documents/Year 3/Term 6/Xilinx Programs/Mips/MIPS_SOURCES/MahmoudMostafa_memUnit/MemoryUnit.vhd" 2022/05/26.03:04:47 P.20131013
FL "D:/Documents/Year 3/Term 6/Xilinx Programs/Mips/MIPS_SOURCES/MahmoudMostafa_Register/Reg/Register.vhd" 2022/05/25.23:32:24 P.20131013
FL "D:/Documents/Year 3/Term 6/Xilinx Programs/Mips/MIPS_SOURCES/Mahmoud_Mastafa_ControlUnit/ALU_Control/Control.vhd" 2022/05/26.08:22:21 P.20131013
FL "D:/Documents/Year 3/Term 6/Xilinx Programs/Mips/MIPS_SOURCES/Mahmoud_Mostafa_ALU_SignExtend/alu/ALU4Bit.vhd" 2022/02/28.11:43:03 P.20131013
FL "D:/Documents/Year 3/Term 6/Xilinx Programs/Mips/MIPS_SOURCES/Mahmoud_Mostafa_ALU_SignExtend/SignExtend/SignExtend32Bit.vhd" 2022/05/23.13:19:16 P.20131013
FL "D:/Documents/Year 3/Term 6/Xilinx Programs/Mips/MIPS_SOURCES/Mux_32BIT/Mux2_1.vhd" 2022/05/02.22:35:36 P.20131013
FL "D:/Documents/Year 3/Term 6/Xilinx Programs/Mips/MIPS_SOURCES/Mux_5BIT/MUX_5.vhd" 2022/05/18.18:09:04 P.20131013
FL "D:/Documents/Year 3/Term 6/Xilinx Programs/Mips/MIPS_SOURCES/PC/PCCounter.vhd" 2022/05/26.02:56:13 P.20131013
FL "D:/Documents/Year 3/Term 6/Xilinx Programs/Mips/MIPS_SOURCES/ShiftLeft2Bit/ShiftLeft.vhd" 2022/04/04.11:07:07 P.20131013
FL D:/Users/free/OneDrive/Desktop/Mazen-Darwish-20100432-2023/mIPS/MIPS_SINGLECYCLE/PROJECT_MIPS.vhd 2023/05/31.11:22:14 P.20131013
EN work/MIPS_Mazen_20100432 1685559689 \
      FL D:/Users/free/OneDrive/Desktop/Mazen-Darwish-20100432-2023/mIPS/MIPS_SINGLECYCLE/PROJECT_MIPS.vhd \
      PB ieee/std_logic_1164 1381692176
AR work/MIPS_Mazen_20100432/Behavioral 1685559690 \
      FL D:/Users/free/OneDrive/Desktop/Mazen-Darwish-20100432-2023/mIPS/MIPS_SINGLECYCLE/PROJECT_MIPS.vhd \
      EN work/MIPS_Mazen_20100432 1685559689 CP Adder32Bit_20100432 \
      CP Adder4Bit_20100432 CP MUX2_1_20100432 CP InstructionMemory_20100432 \
      CP SignExt_20100432 CP MUX5_20100432 CP Register_20100432 \
      CP ALU_Control_20100432 CP ALU4Bit_m CP Memory_Unit_20100432 \
      CP Control_20100432 CP ShiftLeft_20100432 CP PC_20100432
FL D:/Users/free/OneDrive/Desktop/Mazen-Darwish-20100432-2023/MIPS_SOURCES/Adder/Adder32Bit.vhd 2023/05/31.10:19:34 P.20131013
EN work/Adder32Bit_20100432 1685559663 \
      FL D:/Users/free/OneDrive/Desktop/Mazen-Darwish-20100432-2023/MIPS_SOURCES/Adder/Adder32Bit.vhd \
      PB ieee/std_logic_1164 1381692176 PB ieee/std_logic_arith 1381692177 \
      PB ieee/STD_LOGIC_UNSIGNED 1381692179
AR work/Adder32Bit_20100432/Behavioral 1685559664 \
      FL D:/Users/free/OneDrive/Desktop/Mazen-Darwish-20100432-2023/MIPS_SOURCES/Adder/Adder32Bit.vhd \
      EN work/Adder32Bit_20100432 1685559663
FL D:/Users/free/OneDrive/Desktop/Mazen-Darwish-20100432-2023/MIPS_SOURCES/Adder2/Adder4Bit.vhd 2023/05/31.10:25:15 P.20131013
EN work/Adder4Bit_20100432 1685559665 \
      FL D:/Users/free/OneDrive/Desktop/Mazen-Darwish-20100432-2023/MIPS_SOURCES/Adder2/Adder4Bit.vhd \
      PB ieee/std_logic_1164 1381692176 PB ieee/std_logic_arith 1381692177 \
      PB ieee/STD_LOGIC_UNSIGNED 1381692179
AR work/Adder4Bit_20100432/Behavioral 1685559666 \
      FL D:/Users/free/OneDrive/Desktop/Mazen-Darwish-20100432-2023/MIPS_SOURCES/Adder2/Adder4Bit.vhd \
      EN work/Adder4Bit_20100432 1685559665
FL D:/Users/free/OneDrive/Desktop/Mazen-Darwish-20100432-2023/MIPS_SOURCES/Alu_control/ALU_Control.vhd 2023/05/31.10:40:05 P.20131013
EN work/ALU_Control_20100432 1685559677 \
      FL D:/Users/free/OneDrive/Desktop/Mazen-Darwish-20100432-2023/MIPS_SOURCES/Alu_control/ALU_Control.vhd \
      PB ieee/std_logic_1164 1381692176
AR work/ALU_Control_20100432/Behavioral 1685559678 \
      FL D:/Users/free/OneDrive/Desktop/Mazen-Darwish-20100432-2023/MIPS_SOURCES/Alu_control/ALU_Control.vhd \
      EN work/ALU_Control_20100432 1685559677
FL D:/Users/free/OneDrive/Desktop/Mazen-Darwish-20100432-2023/MIPS_SOURCES/ALU_SignExtend/alu/ALU4Bit.vhd 2023/05/31.11:20:27 P.20131013
EN work/ALU4Bit_m 1685559679 \
      FL D:/Users/free/OneDrive/Desktop/Mazen-Darwish-20100432-2023/MIPS_SOURCES/ALU_SignExtend/alu/ALU4Bit.vhd \
      PB ieee/std_logic_1164 1381692176 PB ieee/std_logic_arith 1381692177 \
      PB ieee/STD_LOGIC_UNSIGNED 1381692179
AR work/ALU4Bit_m/Behavioral 1685559680 \
      FL D:/Users/free/OneDrive/Desktop/Mazen-Darwish-20100432-2023/MIPS_SOURCES/ALU_SignExtend/alu/ALU4Bit.vhd \
      EN work/ALU4Bit_m 1685559679
FL D:/Users/free/OneDrive/Desktop/Mazen-Darwish-20100432-2023/MIPS_SOURCES/ALU_SignExtend/SignExtend/SignExtend32Bit.vhd 2023/05/31.10:31:58 P.20131013
EN work/SignExt_20100432 1685559671 \
      FL D:/Users/free/OneDrive/Desktop/Mazen-Darwish-20100432-2023/MIPS_SOURCES/ALU_SignExtend/SignExtend/SignExtend32Bit.vhd \
      PB ieee/std_logic_1164 1381692176 PB ieee/std_logic_arith 1381692177 \
      PB ieee/STD_LOGIC_UNSIGNED 1381692179
AR work/SignExt_20100432/Behavioral 1685559672 \
      FL D:/Users/free/OneDrive/Desktop/Mazen-Darwish-20100432-2023/MIPS_SOURCES/ALU_SignExtend/SignExtend/SignExtend32Bit.vhd \
      EN work/SignExt_20100432 1685559671
FL D:/Users/free/OneDrive/Desktop/Mazen-Darwish-20100432-2023/MIPS_SOURCES/ControlUnit1/ALU_Control/Control.vhd 2023/05/31.10:44:42 P.20131013
EN work/Control_20100432 1685559683 \
      FL D:/Users/free/OneDrive/Desktop/Mazen-Darwish-20100432-2023/MIPS_SOURCES/ControlUnit1/ALU_Control/Control.vhd \
      PB ieee/std_logic_1164 1381692176 PB ieee/std_logic_arith 1381692177 \
      PB ieee/STD_LOGIC_UNSIGNED 1381692179
AR work/Control_20100432/Behavioral 1685559684 \
      FL D:/Users/free/OneDrive/Desktop/Mazen-Darwish-20100432-2023/MIPS_SOURCES/ControlUnit1/ALU_Control/Control.vhd \
      EN work/Control_20100432 1685559683
FL D:/Users/free/OneDrive/Desktop/Mazen-Darwish-20100432-2023/MIPS_SOURCES/InstructionMemory/InstMem.vhd 2023/05/31.10:30:43 P.20131013
EN work/InstructionMemory_20100432 1685559669 \
      FL D:/Users/free/OneDrive/Desktop/Mazen-Darwish-20100432-2023/MIPS_SOURCES/InstructionMemory/InstMem.vhd \
      PB ieee/std_logic_1164 1381692176 PB ieee/NUMERIC_STD 1381692181
AR work/InstructionMemory_20100432/Behavioral 1685559670 \
      FL D:/Users/free/OneDrive/Desktop/Mazen-Darwish-20100432-2023/MIPS_SOURCES/InstructionMemory/InstMem.vhd \
      EN work/InstructionMemory_20100432 1685559669
FL D:/Users/free/OneDrive/Desktop/Mazen-Darwish-20100432-2023/MIPS_SOURCES/memUnit/MemoryUnit.vhd 2023/05/31.10:42:09 P.20131013
EN work/Memory_Unit_20100432 1685559681 \
      FL D:/Users/free/OneDrive/Desktop/Mazen-Darwish-20100432-2023/MIPS_SOURCES/memUnit/MemoryUnit.vhd \
      PB ieee/std_logic_1164 1381692176 PB ieee/NUMERIC_STD 1381692181
AR work/Memory_Unit_20100432/Behavioral 1685559682 \
      FL D:/Users/free/OneDrive/Desktop/Mazen-Darwish-20100432-2023/MIPS_SOURCES/memUnit/MemoryUnit.vhd \
      EN work/Memory_Unit_20100432 1685559681
FL D:/Users/free/OneDrive/Desktop/Mazen-Darwish-20100432-2023/MIPS_SOURCES/Mux_32BIT/Mux2_1.vhd 2023/05/31.10:28:35 P.20131013
EN work/MUX2_1_20100432 1685559667 \
      FL D:/Users/free/OneDrive/Desktop/Mazen-Darwish-20100432-2023/MIPS_SOURCES/Mux_32BIT/Mux2_1.vhd \
      PB ieee/std_logic_1164 1381692176
AR work/MUX2_1_20100432/Behavioral 1685559668 \
      FL D:/Users/free/OneDrive/Desktop/Mazen-Darwish-20100432-2023/MIPS_SOURCES/Mux_32BIT/Mux2_1.vhd \
      EN work/MUX2_1_20100432 1685559667
FL D:/Users/free/OneDrive/Desktop/Mazen-Darwish-20100432-2023/MIPS_SOURCES/Mux_5BIT/MUX_5.vhd 2023/05/31.10:34:52 P.20131013
EN work/MUX5_20100432 1685559673 \
      FL D:/Users/free/OneDrive/Desktop/Mazen-Darwish-20100432-2023/MIPS_SOURCES/Mux_5BIT/MUX_5.vhd \
      PB ieee/std_logic_1164 1381692176
AR work/MUX5_20100432/Behavioral 1685559674 \
      FL D:/Users/free/OneDrive/Desktop/Mazen-Darwish-20100432-2023/MIPS_SOURCES/Mux_5BIT/MUX_5.vhd \
      EN work/MUX5_20100432 1685559673
FL D:/Users/free/OneDrive/Desktop/Mazen-Darwish-20100432-2023/MIPS_SOURCES/PC/PCCounter.vhd 2023/05/31.10:47:38 P.20131013
EN work/PC_20100432 1685559687 \
      FL D:/Users/free/OneDrive/Desktop/Mazen-Darwish-20100432-2023/MIPS_SOURCES/PC/PCCounter.vhd \
      PB ieee/std_logic_1164 1381692176
AR work/PC_20100432/Behavioral 1685559688 \
      FL D:/Users/free/OneDrive/Desktop/Mazen-Darwish-20100432-2023/MIPS_SOURCES/PC/PCCounter.vhd \
      EN work/PC_20100432 1685559687
FL D:/Users/free/OneDrive/Desktop/Mazen-Darwish-20100432-2023/MIPS_SOURCES/Register/Reg/Register.vhd 2023/05/31.10:38:56 P.20131013
EN work/Register_20100432 1685559675 \
      FL D:/Users/free/OneDrive/Desktop/Mazen-Darwish-20100432-2023/MIPS_SOURCES/Register/Reg/Register.vhd \
      PB ieee/std_logic_1164 1381692176 PB ieee/NUMERIC_STD 1381692181
AR work/Register_20100432/Behavioral 1685559676 \
      FL D:/Users/free/OneDrive/Desktop/Mazen-Darwish-20100432-2023/MIPS_SOURCES/Register/Reg/Register.vhd \
      EN work/Register_20100432 1685559675
FL D:/Users/free/OneDrive/Desktop/Mazen-Darwish-20100432-2023/MIPS_SOURCES/ShiftLeft2Bit/ShiftLeft.vhd 2023/05/31.10:47:37 P.20131013
EN work/ShiftLeft_20100432 1685559685 \
      FL D:/Users/free/OneDrive/Desktop/Mazen-Darwish-20100432-2023/MIPS_SOURCES/ShiftLeft2Bit/ShiftLeft.vhd \
      PB ieee/std_logic_1164 1381692176
AR work/ShiftLeft_20100432/Behavioral 1685559686 \
      FL D:/Users/free/OneDrive/Desktop/Mazen-Darwish-20100432-2023/MIPS_SOURCES/ShiftLeft2Bit/ShiftLeft.vhd \
      EN work/ShiftLeft_20100432 1685559685
FL F:/Mazen-Darwish-20100432-2023/mIPS/MIPS_SINGLECYCLE/PROJECT_MIPS.vhd 2023/05/31.11:22:14 P.20131013
AR work/PROJECT_MIPS/Behavioral 1685557257 \
      FL F:/Mazen-Darwish-20100432-2023/mIPS/MIPS_SINGLECYCLE/PROJECT_MIPS.vhd \
      EN work/PROJECT_MIPS 1685557256 CP Adder32Bit_20100432 CP Adder4Bit_20100432 \
      CP MUX2_1_20100432 CP InstructionMemory_20100432 CP SignExt_20100432 \
      CP MUX5_20100432 CP Register_20100432 CP ALU_Control_20100432 CP ALU4Bit_m \
      CP Memory_Unit_20100432 CP Control_20100432 CP ShiftLeft_20100432 \
      CP PC_20100432
FL F:/Mazen-Darwish-20100432-2023/MIPS_SOURCES/Adder/Adder32Bit.vhd 2023/05/31.10:19:34 P.20131013
FL F:/Mazen-Darwish-20100432-2023/MIPS_SOURCES/Adder2/Adder4Bit.vhd 2023/05/31.10:25:15 P.20131013
FL F:/Mazen-Darwish-20100432-2023/MIPS_SOURCES/Alu_control/ALU_Control.vhd 2023/05/31.10:40:05 P.20131013
FL F:/Mazen-Darwish-20100432-2023/MIPS_SOURCES/InstructionMemory/InstMem.vhd 2023/05/31.10:30:43 P.20131013
FL F:/Mazen-Darwish-20100432-2023/MIPS_SOURCES/MahmoudMostafa_memUnit/MemoryUnit.vhd 2023/05/31.10:42:09 P.20131013
FL F:/Mazen-Darwish-20100432-2023/MIPS_SOURCES/MahmoudMostafa_Register/Reg/Register.vhd 2023/05/31.10:38:56 P.20131013
FL F:/Mazen-Darwish-20100432-2023/MIPS_SOURCES/Mahmoud_Mastafa_ControlUnit/ALU_Control/Control.vhd 2023/05/31.10:44:42 P.20131013
FL F:/Mazen-Darwish-20100432-2023/MIPS_SOURCES/Mahmoud_Mostafa_ALU_SignExtend/alu/ALU4Bit.vhd 2023/05/31.11:20:27 P.20131013
FL F:/Mazen-Darwish-20100432-2023/MIPS_SOURCES/Mahmoud_Mostafa_ALU_SignExtend/SignExtend/SignExtend32Bit.vhd 2023/05/31.10:31:58 P.20131013
FL F:/Mazen-Darwish-20100432-2023/MIPS_SOURCES/Mux_32BIT/Mux2_1.vhd 2023/05/31.10:28:35 P.20131013
FL F:/Mazen-Darwish-20100432-2023/MIPS_SOURCES/Mux_5BIT/MUX_5.vhd 2023/05/31.10:34:52 P.20131013
FL F:/Mazen-Darwish-20100432-2023/MIPS_SOURCES/PC/PCCounter.vhd 2023/05/31.10:47:38 P.20131013
FL F:/Mazen-Darwish-20100432-2023/MIPS_SOURCES/ShiftLeft2Bit/ShiftLeft.vhd 2023/05/31.10:47:37 P.20131013
