V3 4
FL "D:/Documents/Year 3/Term 6/Xilinx Programs/Mips/MahmoudMostafa_Register/Reg/Register.vhd" 2022/05/14.16:49:34 P.20131013
EN work/RegisterFile 1653067425 \
      FL "D:/Documents/Year 3/Term 6/Xilinx Programs/Mips/MahmoudMostafa_Register/Reg/Register.vhd" \
      PB ieee/std_logic_1164 1381692176 PB ieee/NUMERIC_STD 1381692181
AR work/RegisterFile/Behavioral 1653067426 \
      FL "D:/Documents/Year 3/Term 6/Xilinx Programs/Mips/MahmoudMostafa_Register/Reg/Register.vhd" \
      EN work/RegisterFile 1653067425
FL D:/MahmoudMostafa_Register/Reg/Register.vhd 2022/03/21.11:25:26 P.20131013
