V3 4
FL "D:/Documents/Year 3/Term 6/Xilinx Programs/Mips/Mahmoud_Mastafa_ControlUnit/ALU_Control/Control.vhd" 2022/05/18.20:55:51 P.20131013
EN work/Control 1653067350 \
      FL "D:/Documents/Year 3/Term 6/Xilinx Programs/Mips/Mahmoud_Mastafa_ControlUnit/ALU_Control/Control.vhd" \
      PB ieee/std_logic_1164 1381692176 PB ieee/std_logic_arith 1381692177 \
      PB ieee/STD_LOGIC_UNSIGNED 1381692179
AR work/Control/Behavioral 1653067351 \
      FL "D:/Documents/Year 3/Term 6/Xilinx Programs/Mips/Mahmoud_Mastafa_ControlUnit/ALU_Control/Control.vhd" \
      EN work/Control 1653067350
FL D:/MahmoudALUControl/ALU_Control/Control.vhd 2022/03/14.11:50:50 P.20131013
