V3 3
FL "D:/Documents/Year 3/Term 6/Xilinx Programs/Week 2/Alu_control/ALU_Control.vhd" 2022/03/25.08:31:43 P.20131013
EN work/ALU_Control 1648189905 \
      FL "D:/Documents/Year 3/Term 6/Xilinx Programs/Week 2/Alu_control/ALU_Control.vhd" \
      PB ieee/std_logic_1164 1381692176
AR work/ALU_Control/Behavioral 1648189906 \
      FL "D:/Documents/Year 3/Term 6/Xilinx Programs/Week 2/Alu_control/ALU_Control.vhd" \
      EN work/ALU_Control 1648189905
