V3 3
FL "D:/Documents/Year 3/Term 6/Xilinx Programs/Mips/InstructionMemory/InstMem.vhd" 2022/05/14.16:04:28 P.20131013
EN work/InstMem 1652537069 \
      FL "D:/Documents/Year 3/Term 6/Xilinx Programs/Mips/InstructionMemory/InstMem.vhd" \
      PB ieee/std_logic_1164 1381692176 PB ieee/std_logic_arith 1381692177 \
      PB ieee/STD_LOGIC_UNSIGNED 1381692179 PB ieee/NUMERIC_STD 1381692181
AR work/InstMem/Behavioral 1652537070 \
      FL "D:/Documents/Year 3/Term 6/Xilinx Programs/Mips/InstructionMemory/InstMem.vhd" \
      EN work/InstMem 1652537069
