AR signextend32bit behavioral "D:/Documents/Year 3/Term 6/Xilinx Programs/Mips/MIPS_SOURCES/Mahmoud_Mostafa_ALU/SignExtend/SignExtend32Bit.vhd" sub00/vhpl01 1653067812
EN signextend32bit NULL "D:/Documents/Year 3/Term 6/Xilinx Programs/Mips/MIPS_SOURCES/Mahmoud_Mostafa_ALU/SignExtend/SignExtend32Bit.vhd" sub00/vhpl00 1653067811
