V3 4
FL "D:/Documents/Year 3/Term 6/Xilinx Programs/Mips/Mahmoud_Mostafa_ALU/SignExtend/SignExtend32Bit.vhd" 2022/05/04.01:53:28 P.20131013
FL "D:/Documents/Year 3/Term 6/Xilinx Programs/Mips/MIPS_SOURCES/Mahmoud_Mostafa_ALU/SignExtend/SignExtend32Bit.vhd" 2022/05/14.20:47:29 P.20131013
EN work/SignExtend32Bit 1653067811 \
      FL "D:/Documents/Year 3/Term 6/Xilinx Programs/Mips/MIPS_SOURCES/Mahmoud_Mostafa_ALU/SignExtend/SignExtend32Bit.vhd" \
      PB ieee/std_logic_1164 1381692176 PB ieee/std_logic_arith 1381692177 \
      PB ieee/STD_LOGIC_UNSIGNED 1381692179
AR work/SignExtend32Bit/Behavioral 1653067812 \
      FL "D:/Documents/Year 3/Term 6/Xilinx Programs/Mips/MIPS_SOURCES/Mahmoud_Mostafa_ALU/SignExtend/SignExtend32Bit.vhd" \
      EN work/SignExtend32Bit 1653067811
