V3 4
FL "D:/Documents/Year 3/Term 6/Xilinx Programs/Mips/MIPS_SOURCES/Mux_5BIT/MUX_5.vhd" 2022/05/18.18:09:04 P.20131013
EN work/MUX_5 1653068025 \
      FL "D:/Documents/Year 3/Term 6/Xilinx Programs/Mips/MIPS_SOURCES/Mux_5BIT/MUX_5.vhd" \
      PB ieee/std_logic_1164 1381692176
AR work/MUX_5/Behavioral 1653068026 \
      FL "D:/Documents/Year 3/Term 6/Xilinx Programs/Mips/MIPS_SOURCES/Mux_5BIT/MUX_5.vhd" \
      EN work/MUX_5 1653068025
FL "D:/Documents/Year 3/Term 6/Xilinx Programs/Mips/MUX5/MUX_5.vhd" 2022/05/18.18:09:04 P.20131013
